scripts/test-extract.ts(2,31): error TS2307: Cannot find module './src/lib/ai/provider' or its corresponding type declarations.
src/components/settings/ScoringWeights.tsx(8,5): error TS2322: Type '"financialEstimation"' is not assignable to type '"deliverableCategorization" | "competitiveFeasibility" | "riskAssessment" | "companyFit"'.
src/stores/settings-store.ts(52,9): error TS2741: Property 'financialEstimation' is missing in type '{ deliverableCategorization: 30; competitiveFeasibility: 30; riskAssessment: 20; companyFit: 20; }' but required in type 'ScoringWeights'.
